
> tako-vietnam-website@0.1.0 build
> next build

Γû▓ Next.js 16.2.6 (Turbopack)
- Environments: .env.local, .env

  Creating an optimized production build ...
Γ£ô Compiled successfully in 10.5s
  Running TypeScript ...
  Finished TypeScript in 6.3s ...
  Collecting page data using 3 workers ...
  Generating static pages using 3 workers (0/33) ...
  Generating static pages using 3 workers (8/33) 
  Generating static pages using 3 workers (16/33) 
  Generating static pages using 3 workers (24/33) 
Γ£ô Generating static pages using 3 workers (33/33) in 924ms
  Finalizing page optimization ...

Route (app)
Γöî ╞Æ /
Γö£ ╞Æ /_not-found
Γö£ ╞Æ /admin
Γö£ ╞Æ /api/admin/login
Γö£ ╞Æ /api/admin/logout
Γö£ ╞Æ /api/catalog/[slug]
Γö£ ╞Æ /api/contact
Γö£ ╞Æ /api/preferences/locale
Γö£ ╞Æ /dang-nhap
Γö£ ╞Æ /gioi-thieu
Γö£ Γùï /icon
Γö£ ╞Æ /lien-he
Γö£ ╞Æ /quan-tri/cai-dat
Γö£ ╞Æ /quan-tri/lien-he
Γö£ Γùï /robots.txt
Γö£ ╞Æ /san-pham
Γö£ ╞Æ /san-pham/[slug]
Γö£ Γùï /sitemap.xml
Γöö ╞Æ /tin-tuc


Γùï  (Static)   prerendered as static content
╞Æ  (Dynamic)  server-rendered on demand

